// Vitest Snapshot v1, https://vitest.dev/guide/snapshot.html

exports[`Logo > Should render a snapshot 1`] = `
<div>
  <img
    alt="Logo"
    src="./src/assets/logo.svg"
  />
</div>
`;

exports[`Logo > Should render default 1`] = `
<div>
  <img
    alt="Logo"
    src="./src/assets/logo.svg"
  />
</div>
`;
